The ceiling of square root of 0 is: 0
The ceiling of square root of 1 is: 1
The ceiling of square root of 2 is: 2
The ceiling of square root of 3 is: 2
The ceiling of square root of 4 is: 2
The ceiling of square root of 5 is: 3
The ceiling of square root of 6 is: 3
The ceiling of square root of 7 is: 3
The ceiling of square root of 8 is: 3
The ceiling of square root of 9 is: 3
The ceiling of square root of 10 is: 4
The ceiling of square root of 11 is: 4
The ceiling of square root of 12 is: 4
The ceiling of square root of 13 is: 4
The ceiling of square root of 14 is: 4
The ceiling of square root of 15 is: 4
The ceiling of square root of 16 is: 4
The ceiling of square root of 17 is: 5
The ceiling of square root of 18 is: 5
The ceiling of square root of 19 is: 5
1
2
4
5
6
