Hello, my things are 2 and 9
Result 1: 9
Result 3: 3
50.265482448
nil
This is the static block running
Running accessor
8
15
