num_repeats = 5
2
7
7
489
6552575
Line received: There
substr(line, 1, 3) is.. he
Line received: once
substr(line, 1, 3) is.. nc
Line received: was
Line too short...
Line received: a
Line too short...
Line received: man
Line too short...
Line received: named
substr(line, 1, 3) is.. am
Line received: Harry,
substr(line, 1, 3) is.. ar
Line received: he
Line too short...
Line received: was
Line too short...
Line received: scary.
substr(line, 1, 3) is.. ca
Index 0: H
Index 1: e
Index 2: l
Index 3: l
Index 4: o
Index 5: ,
Index 6:  
Index 7: W
Index 8: o
Index 9: r
Index 10: l
Index 11: d
Index 12: !
